// Jest Snapshot v1, https://goo.gl/fbAQLP

exports[`Testing molecule Paginator: is rendering 1`] = `
<div
  className="main"
>
  <div
    className="pages"
  >
    <span
      id="CurrentPage"
      key="1"
      onClick={[Function]}
    >
      <Button
        text={1}
      />
    </span>
    <span
      className="active"
      id="CurrentPage"
      key="2"
      onClick={[Function]}
    >
      <Button
        text={2}
      />
    </span>
    <span
      id="CurrentPage"
      key="3"
      onClick={[Function]}
    >
      <Button
        text={3}
      />
    </span>
    <span
      id="CurrentPage"
      key="4"
      onClick={[Function]}
    >
      <Button
        text={4}
      />
    </span>
    <span
      id="MultiDotLast"
      onClick={[Function]}
    >
      <Button
        text="..."
      />
    </span>
    <span
      id="EndPage"
      key="6"
      onClick={[Function]}
    >
      <Button
        text={6}
      />
    </span>
    <span
      id="EndPage"
      key="7"
      onClick={[Function]}
    >
      <Button
        text={7}
      />
    </span>
    <span
      onClick={[Function]}
    >
      <Button
        img="test-file-stub"
      />
    </span>
    <span
      onClick={[Function]}
    >
      <Button
        img="test-file-stub"
      />
    </span>
  </div>
  <div
    className="elementPerPage"
  >
    <p>
      Отобразить карточек:
    </p>
    <span
      id="CountElement"
      key="5"
      onClick={[Function]}
    >
      <Button
        text={5}
      />
    </span>
    <span
      className="active"
      id="CountElement"
      key="10"
      onClick={[Function]}
    >
      <Button
        text={10}
      />
    </span>
    <span
      id="CountElement"
      key="15"
      onClick={[Function]}
    >
      <Button
        text={15}
      />
    </span>
    <span
      id="CountElement"
      key="20"
      onClick={[Function]}
    >
      <Button
        text={20}
      />
    </span>
  </div>
</div>
`;
