// Jest Snapshot v1, https://goo.gl/fbAQLP

exports[`Testing molecule SearchPersons: is rendering 1`] = `
<SearchPersons>
  <div
    className="search"
  >
    <label
      className="container"
    >
      <span
        id="Clear"
        onClick={[Function]}
      >
        <Button
          img="test-file-stub"
        >
          <button
            className="button"
          >
            <img
              alt=""
              src="test-file-stub"
            />
            <span />
          </button>
        </Button>
      </span>
      <input
        onKeyDown={[Function]}
        placeholder="Поиск"
        type="text"
      />
      <span
        id="Search"
        onClick={[Function]}
      >
        <Button
          img="test-file-stub"
          text="Найти"
        >
          <button
            className="button"
          >
            <img
              alt=""
              src="test-file-stub"
            />
            <span>
              Найти
            </span>
          </button>
        </Button>
      </span>
    </label>
  </div>
</SearchPersons>
`;
